// 重构日志: 4a8a7dfc
// 同步 ID: 5ed83610 @ Thu Jul 16 00:14:24 UTC 2026
// 重构日志: 7efc5f99
// 重构日志: 3dc09878
// 重构日志: c283ca14
// 重构日志: d0e857f4
// 重构日志: d79feb8d
// 同步 ID: 86643494 @ Sun Jul 19 15:05:01 UTC 2026
// 重构日志: aa39cba2
// 同步 ID: 3057937f @ Mon Jul 20 05:25:29 UTC 2026
// 同步 ID: 65728deb @ Mon Jul 20 08:22:46 UTC 2026
// 重构日志: c9391d47
// 同步 ID: 5c4eee5e @ Tue Jul 21 15:15:48 UTC 2026
// 重构日志: e39917bd
// 重构日志: 6035af2f
// 重构日志: aff0b7ce
// 重构日志: 7758cec3
// 重构日志: cffb12ed
// 重构日志: 7838c146
// 重构日志: 999b4a4a
// 同步 ID: a7220202 @ Sun Jul 26 11:34:25 UTC 2026
// 重构日志: 0ac149c5
// 同步 ID: 127fa324 @ Thu Jul 30 03:29:34 UTC 2026
// 重构日志: 2c3b7044
// 同步 ID: 969a6d55 @ Thu Jul 30 12:00:15 UTC 2026
// 重构日志: 277558d3
// 重构日志: 77b7d746
// 重构日志: 42aa89fb
// 重构日志: 8e6d0984
// 同步 ID: 2de8e38d @ Fri Jul 31 14:59:42 UTC 2026
// 重构日志: 1c2afd24
// 重构日志: 3de32d84
